// Jest Snapshot v1, https://goo.gl/fbAQLP

exports[`ConditionalHeader renders correctly 1`] = `
[
  <span
    className="header-info"
  >
    Conditional Header
  </span>,
  <div
    className="mb-3 select-container condition-wrapper"
  >
    <div
      className="select-title"
    >
      <span
        className="text-super"
      >
        Select some
      </span>
      <div
        className="mandatory-container"
      >
        <span
          className="text-mandatory"
          onMouseEnter={[Function]}
          onMouseLeave={[Function]}
        >
          *
        </span>
      </div>
    </div>
    <div
      className="row "
    >
      <label
        className="select-label "
      >
        <input
          className="form-check-input"
          id="fakeId"
          name="custom_header"
          onChange={[MockFunction]}
          required={true}
          type="radio"
          value="Apples"
        />
        <span>
          Apples
        </span>
      </label>
      <label
        className="select-label "
      >
        <input
          className="form-check-input"
          id="fakeId"
          name="custom_header"
          onChange={[MockFunction]}
          required={true}
          type="radio"
          value="Bananas"
        />
        <span>
          Bananas
        </span>
      </label>
    </div>
  </div>,
]
`;
