// Jest Snapshot v1, https://goo.gl/fbAQLP

exports[`DropdownHeader renders correctly 1`] = `
<div
  className="mb-3 dropdown-container condition-wrapper"
>
  <div
    className="select-title"
  >
    <div
      className="mandatory-container"
    >
      <span
        className="text-mandatory"
        onMouseEnter={[Function]}
        onMouseLeave={[Function]}
      >
        *
      </span>
    </div>
  </div>
  <select
    className="form-select "
    id="fakeId"
    name="custom_dropdown"
    onChange={[Function]}
  >
    <option
      id="empty-option"
      value=""
    />
    <option
      id="fakeId"
      value="Apples"
    >
      Apples
    </option>
    <option
      id="fakeId"
      value="Bananas"
    >
      Bananas
    </option>
  </select>
</div>
`;
