// Jest Snapshot v1, https://goo.gl/fbAQLP

exports[`FormSubmissionSucceeded renders correctly 1`] = `
<div
  className="form-submission-succeeded"
>
  <div
    className="text-center"
  >
    <i
      aria-hidden="true"
      className="bi bi-check-lg bi-2x"
    />
     
    <span>
      Submission successful!
    </span>
  </div>
</div>
`;
