// Jest Snapshot v1, https://jestjs.io/docs/snapshot-testing

exports[`FormSubmissionSucceeded renders correctly 1`] = `
<div>
  <div
    class="form-submission-succeeded "
  >
    <div
      class="text-center"
    >
      <i
        aria-hidden="true"
        class="bi bi-check-lg bi-2x"
      />
       
      <span>
        Submission successful!
      </span>
    </div>
  </div>
</div>
`;
