// Jest Snapshot v1, https://goo.gl/fbAQLP

exports[`FormSubmissionFailed renders correctly 1`] = `
<div
  className="form-submission-failed"
>
  <div
    className="text-center"
  >
    <i
      aria-hidden="true"
      className="bi bi-exclamation-triangle-fill bi-2x"
    />
     
    <span>
      Submission failed!
    </span>
  </div>
</div>
`;
