// Jest Snapshot v1, https://goo.gl/fbAQLP

exports[`FormSubmitting renders correctly 1`] = `
<div
  className="form-submission-submitting"
>
  <div
    className="text-center"
  >
    <i
      aria-hidden="true"
      className="bi bi-arrow-repeat bi-2x rotate-form-submitting-icon"
    />
     
    <span>
      Submitting...
    </span>
  </div>
</div>
`;
