// Jest Snapshot v1, https://goo.gl/fbAQLP

exports[`FormSubmissionFailed renders correctly 1`] = `
<div>
  <div
    class="form-submission-failed "
  >
    <div
      class="text-center"
    >
      <i
        aria-hidden="true"
        class="bi bi-exclamation-triangle-fill bi-2x"
      />
       
      <span>
        Submission failed!
      </span>
    </div>
  </div>
</div>
`;
