// Jest Snapshot v1, https://jestjs.io/docs/snapshot-testing

exports[`FormSubmitting renders correctly 1`] = `
<div>
  <div
    class="form-submission-submitting "
  >
    <div
      class="text-center"
    >
      <i
        aria-hidden="true"
        class="bi bi-arrow-repeat bi-2x rotate-form-submitting-icon"
      />
       
      <span>
        Submitting...
      </span>
    </div>
  </div>
</div>
`;
