// Jest Snapshot v1, https://goo.gl/fbAQLP

exports[`HelpText renders correctly 1`] = `
<div>
  <div>
    <div
      className="form-date mb-3"
    >
      <div
        className="date-title"
      >
        <span
          dangerouslySetInnerHTML={
            {
              "__html": "Choose date",
            }
          }
          onClick={[Function]}
        />
        <div
          className="helptext-container"
        >
          <i
            className="bi bi-question-circle"
            onMouseEnter={[Function]}
            onMouseLeave={[Function]}
          />
        </div>
      </div>
      <input
        className="datepicker"
        onChange={[Function]}
        required={false}
        type="date"
      />
      <input
        className="show-in-review"
        name="custom_date"
        type="hidden"
        value=""
      />
    </div>
  </div>
</div>
`;
