// Jest Snapshot v1, https://goo.gl/fbAQLP

exports[`RadioButtonsHeader renders correctly 1`] = `
<div
  className="mb-3 select-container condition-wrapper"
>
  <div
    className="select-title "
  >
    <div
      className="mandatory-container"
    >
      <span
        className="text-mandatory"
        onMouseEnter={[Function]}
        onMouseLeave={[Function]}
      >
        *
      </span>
    </div>
  </div>
  <div
    className="row"
  >
    <label
      className="select-label radio"
    >
      <input
        className="form-check-input "
        id="fakeId"
        name="custom_radio"
        onChange={[Function]}
        type="radio"
        value="Apples"
      />
      <span>
        Apples
      </span>
    </label>
    <label
      className="select-label radio"
    >
      <input
        className="form-check-input "
        id="fakeId"
        name="custom_radio"
        onChange={[Function]}
        type="radio"
        value="Bananas"
      />
      <span>
        Bananas
      </span>
    </label>
  </div>
</div>
`;
