// Jest Snapshot v1, https://goo.gl/fbAQLP

exports[`Review renders correctly 1`] = `"<head></head><body style="overflow: hidden;"><div><div class="scrivito-neoletter-review-form-modal"><div class="review-modal-dialog"><div class="review-modal-content"><div class="review-modal-body form-review"><div class="step-review-container"><h4 class="step-review">Step 0</h4><div><div class="review-item-title"><span>Title 1</span></div><div class="review-item-value">Value 1</div></div><div><div class="review-item-title"><span>Title 2</span></div><div class="review-item-value">Value 2</div></div></div><div class="step-review-container"><h4 class="step-review">Step 1</h4><div><div class="review-item-title"><span>Title 3</span></div><div class="review-item-value">Value 3</div></div><div><div class="review-item-title"><span>Title 4</span></div><div class="review-item-value">Value 4</div></div></div></div><div class="review-modal-footer"><button class="">Close</button></div></div></div></div></div></body>"`;
