// Jest Snapshot v1, https://goo.gl/fbAQLP

exports[`ContentProperty Component renders correctly 1`] = `
[
  <div
    className="scrivito_detail_label scrivito_error"
  >
    <i
      className="scrivito_icon scrivito_icon_error"
    />
    <span>
      Test Title
    </span>
  </div>,
  <div
    className="content_property_input scrivito_error"
  />,
  <div>
    <div
      className="scrivito_validation_notice scrivito_error"
    >
      <span
        className="scrivito_validation_message"
      >
        Error message 1
      </span>
    </div>
    <div
      className="scrivito_validation_notice scrivito_warning"
    >
      <span
        className="scrivito_validation_message"
      >
        Warning message 1
      </span>
    </div>
  </div>,
  <div
    className="scrivito_notice_body"
  >
    Test Description
  </div>,
]
`;
