// Jest Snapshot v1, https://goo.gl/fbAQLP

exports[`InPlaceEditingPlaceholder renders correctly 1`] = `
<span
  style={
    {
      "color": "rgba(64, 64, 64, 0.53)",
      "display": "inline-block",
      "fontSize": "13px",
      "fontStyle": "normal",
      "fontWeight": "normal",
      "lineHeight": "28px",
      "verticalAlign": "middle",
    }
  }
>
  Your Placeholder Text Here
</span>
`;
