// Jest Snapshot v1, https://goo.gl/fbAQLP

exports[`IconSearch renders correctly 1`] = `
<div
  id="neoletter-icon-search"
>
  <label
    htmlFor="search-input"
  >
    <i
      aria-hidden="true"
      className="bi bi-search"
    />
    <span
      className="sr-only"
    >
      Search icons
    </span>
  </label>
  <input
    autoComplete="off"
    autoCorrect="off"
    className="form-control"
    id="search-input"
    onChange={[Function]}
    placeholder="Search icons"
    spellCheck="false"
    tabIndex={1}
    value="moon"
  />
  <a
    aria-hidden="true"
    className="bi bi-x-circle"
    href="#"
    id="search-clear"
    onClick={[Function]}
  >
    <span
      className="sr-only"
    >
      Clear search
    </span>
  </a>
</div>
`;
