// Jest Snapshot v1, https://goo.gl/fbAQLP

exports[`IconSearchResults component renders correctly 1`] = `
<div
  id="search-results"
>
  <div
    className="scrivito_detail_label"
  >
    <span>
      Search for 'moon'
    </span>
  </div>
  <div
    className="row"
  >
    <div
      className="bi-icon"
    >
      <a
        className=""
        href="#"
        onClick={[Function]}
      >
        <i
          className="bi bi-moon"
        />
        <span
          className="sr-only"
        >
          Example of 
        </span>
        moon
      </a>
    </div>
    <div
      className="bi-icon"
    >
      <a
        className=""
        href="#"
        onClick={[Function]}
      >
        <i
          className="bi bi-moon-fill"
        />
        <span
          className="sr-only"
        >
          Example of 
        </span>
        moon-fill
      </a>
    </div>
    <div
      className="bi-icon"
    >
      <a
        className=""
        href="#"
        onClick={[Function]}
      >
        <i
          className="bi bi-moon-stars"
        />
        <span
          className="sr-only"
        >
          Example of 
        </span>
        moon-stars
      </a>
    </div>
    <div
      className="bi-icon"
    >
      <a
        className=""
        href="#"
        onClick={[Function]}
      >
        <i
          className="bi bi-moon-stars-fill"
        />
        <span
          className="sr-only"
        >
          Example of 
        </span>
        moon-stars-fill
      </a>
    </div>
    <div
      className="bi-icon"
    >
      <a
        className=""
        href="#"
        onClick={[Function]}
      >
        <i
          className="bi bi-cloud-moon"
        />
        <span
          className="sr-only"
        >
          Example of 
        </span>
        cloud-moon
      </a>
    </div>
    <div
      className="bi-icon"
    >
      <a
        className=""
        href="#"
        onClick={[Function]}
      >
        <i
          className="bi bi-cloud-moon-fill"
        />
        <span
          className="sr-only"
        >
          Example of 
        </span>
        cloud-moon-fill
      </a>
    </div>
  </div>
</div>
`;
