// Jest Snapshot v1, https://goo.gl/fbAQLP

exports[`SingleIcon component renders correctly 1`] = `
<div
  className="icon-container"
>
  <a
    className="active"
    href="#"
    onClick={[Function]}
  >
    <i
      className="bs-icon bi-example"
    />
    <span
      className="sr-only"
    >
      Example of 
    </span>
    example
  </a>
</div>
`;
