// Jest Snapshot v1, https://goo.gl/fbAQLP

exports[`FormDateWidget renders correctly 1`] = `
<div>
  <div>
    <div
      className="form-date mb-3"
    >
      <div
        className="date-title"
      >
        <span
          className="text-super"
        >
          Test Date
        </span>
        <div
          className="mandatory-container"
        >
          <span
            className="text-mandatory"
            onMouseEnter={[Function]}
            onMouseLeave={[Function]}
          >
            *
          </span>
        </div>
        <div
          className="helptext-container"
        >
          <i
            className="bi bi-question-circle"
            onMouseEnter={[Function]}
            onMouseLeave={[Function]}
          />
        </div>
      </div>
      <input
        className="datepicker"
        onChange={[Function]}
        required={true}
        type="date"
      />
      <input
        className="show-in-review"
        name="custom_test"
        type="hidden"
        value=""
      />
    </div>
  </div>
</div>
`;
