// Jest Snapshot v1, https://goo.gl/fbAQLP

exports[`FormStepWidget renders correctly 1`] = `
<div>
  <div>
    <div
      className="step-border "
      data-step-number={0}
    >
      <span
        className="step-preview-count"
      >
        Step 0
      </span>
      <div
        className="row"
      >
        <div>
          <div>
            <div
              className="form-date mb-3"
            >
              <div
                className="date-title"
              >
                <span
                  className="text-super"
                >
                  date
                </span>
              </div>
              <input
                className="datepicker"
                onChange={[Function]}
                required={false}
                type="date"
              />
              <input
                className="show-in-review"
                name="custom_date"
                type="hidden"
                value=""
              />
            </div>
          </div>
        </div>
      </div>
    </div>
  </div>
</div>
`;
