// Jest Snapshot v1, https://goo.gl/fbAQLP

exports[`FormContainerWidget renders correctly 1`] = `
<div>
  <div>
    <div
      className="scrivito-neoletter-form-widgets form-container-widget "
    >
      <form
        id="123"
        method="post"
        onSubmit={[Function]}
      >
        <input
          name="form_id"
          type="hidden"
          value="123"
        />
        <input
          name="url"
          type="hidden"
        />
        <div />
        <div
          aria-hidden="true"
          className="winnie-the-pooh"
        >
          <input
            autoComplete="off"
            name="fax"
            role="presentation"
            tabIndex={-1}
          />
        </div>
        <div>
          <div>
            <div
              className="form-date mb-3"
            >
              <div
                className="date-title"
              >
                <span
                  dangerouslySetInnerHTML={
                    {
                      "__html": "date",
                    }
                  }
                  onClick={[Function]}
                />
              </div>
              <input
                className="datepicker form-control "
                onChange={[Function]}
                type="date"
              />
              <input
                className="show-in-review"
                name="custom_date"
                type="hidden"
                value=""
              />
            </div>
          </div>
        </div>
      </form>
    </div>
  </div>
</div>
`;
