// Jest Snapshot v1, https://goo.gl/fbAQLP

exports[`FormConditionalContainerWidget renders correctly 1`] = `
<div>
  <div>
    <div
      className="mb-3 select-container "
    >
      <div
        className="select-title"
      >
        <span
          dangerouslySetInnerHTML={
            {
              "__html": "Select something",
            }
          }
          onClick={[Function]}
        />
      </div>
      <div
        className="row "
      >
        <label
          className="select-label radio"
        >
          <input
            className="form-check-input "
            id="staticWidgetID"
            name="custom_test"
            onChange={[Function]}
            type="radio"
            value="select me"
          />
          <span>
            select me
          </span>
        </label>
        <label
          className="select-label radio"
        >
          <input
            className="form-check-input "
            id="staticWidgetID"
            name="custom_test"
            onChange={[Function]}
            type="radio"
            value="i am better :)"
          />
          <span>
            i am better :)
          </span>
        </label>
      </div>
    </div>
    <div>
      <div />
      <div />
    </div>
  </div>
</div>
`;
