// Jest Snapshot v1, https://goo.gl/fbAQLP

exports[`FormCheckboxWidget renders correctly 1`] = `
<div>
  <div>
    <div
      className="form-check mb-3 left"
    >
      <input
        className="form-check-input "
        id="form_checkbox_widget_staticWidgetID"
        name="custom_test"
        onChange={[Function]}
        type="checkbox"
      />
      <label
        className="form-check-label"
        htmlFor="form_checkbox_widget_staticWidgetID"
      >
        <span
          dangerouslySetInnerHTML={
            {
              "__html": "Test Checkbox",
            }
          }
          onClick={[Function]}
        />
        <div
          className="mandatory-container"
        >
          <span
            className="text-mandatory"
            onMouseEnter={[Function]}
            onMouseLeave={[Function]}
          >
            *
          </span>
        </div>
        <div
          className="helptext-container"
        >
          <i
            className="bi bi-question-circle"
            onMouseEnter={[Function]}
            onMouseLeave={[Function]}
          />
        </div>
      </label>
    </div>
  </div>
</div>
`;
